---
experts: {}
needs_translation: 1
reports:
  simple:
    filters: {}
    interpreters:
      position: {}
      variant-type: {}
      vep: {}
