---
experts: {}
needs_translation: 1
reports:
  annotation-format:
    filters: {}
    interpreters:
      position: {}
      vep: {}
