chromosome_name	start	stop	reference	variant	variant_type	transcript_name	trv_type	trv_type_category	amino_acid_change	default_gene_name	ensembl_gene_id	inSegDup	AML_RMG	rsid	caf	max_alt_af	onTarget	MeetsMinDepthCutoff	TEST-patient1-somval_normal1_vaf	TEST-patient1-somval_normal1_ref_count	TEST-patient1-somval_normal1_var_count	min_coverage_observed	max_normal_vaf_observed	max_tumor_vaf_observed	variant_callers	variant_caller_count	TEST-patient1-somval_normal1_per_library_var_count	TEST-patient1-somval_normal1_per_library_ref_count	TEST-patient1-somval_normal1_per_library_vaf
