flow_cell_id,lane,index_sequence,target_region_set_name,taxon.name,taxon.ncbi_taxon_id,taxon.domain,taxon.estimated_genome_size,individual.name,individual.common_name,individual.ethnicity,individual.gender,sample.name,sample.common_name,sample.default_genotype_data_id,sample.extraction_label,sample.extraction_type,sample.tissue_desc,library.name,library.original_insert_size,library.library_insert_size,library.protocol,run_type,analysis_software_version,clusters,fwd_read_length,rev_read_length,filt_error_rate_avg,id,library.id,sample.id,individual.id,taxon.id
D1VCPACXX,1,,,human,9606,Eukaryota,3200000000,H_NJ-HCC1395,TST1,Caucasian,female,H_NJ-HCC1395-HCC1395,tumor,2891080777,HCC1395,genomic dna,epithelial,H_NJ-HCC1395-HCC1395-lig2-lib1,271,390,Illumina Library Construction,Paired,CASAVA-1.8.2,188429464,100,100,0.335,2891322951,2891040499,2889981253,2889953340,1653198737
D1VCPACXX,6,,,human,9606,Eukaryota,3200000000,H_NJ-HCC1395,TST1,Caucasian,female,H_NJ-HCC1395-HCC1395_BL,normal,2891080776,HCC1395 BL,genomic dna,b lymphoblast,H_NJ-HCC1395-HCC1395_BL-lig2-lib1,266,385,Illumina Library Construction,Paired,CASAVA-1.8.2,168472676,100,100,0.315,2891323123,2891040500,2889981254,2889953340,1653198737
D1VCPACXX,7,,,human,9606,Eukaryota,3200000000,H_NJ-HCC1395,TST1,Caucasian,female,H_NJ-HCC1395-HCC1395_BL,normal,2891080776,HCC1395 BL,genomic dna,b lymphoblast,H_NJ-HCC1395-HCC1395_BL-lig2-lib2,381,500,Illumina Library Construction,Paired,CASAVA-1.8.2,175170815,100,100,0.335,2891323124,2891040502,2889981254,2889953340,1653198737
D1VCPACXX,8,,,human,9606,Eukaryota,3200000000,H_NJ-HCC1395,TST1,Caucasian,female,H_NJ-HCC1395-HCC1395_BL,normal,2891080776,HCC1395 BL,genomic dna,b lymphoblast,H_NJ-HCC1395-HCC1395_BL-lig2-lib3,557,676,Illumina Library Construction,Paired,CASAVA-1.8.2,171892537,100,100,0.345,2891323125,2891040504,2889981254,2889953340,1653198737
D1VCPACXX,5,,,human,9606,Eukaryota,3200000000,H_NJ-HCC1395,TST1,Caucasian,female,H_NJ-HCC1395-HCC1395,tumor,2891080777,HCC1395,genomic dna,epithelial,H_NJ-HCC1395-HCC1395-lig2-lib3,550,669,Illumina Library Construction,Paired,CASAVA-1.8.2,180487649,100,100,0.36,2891323147,2891040503,2889981253,2889953340,1653198737
D1VCPACXX,4,,,human,9606,Eukaryota,3200000000,H_NJ-HCC1395,TST1,Caucasian,female,H_NJ-HCC1395-HCC1395,tumor,2891080777,HCC1395,genomic dna,epithelial,H_NJ-HCC1395-HCC1395-lig2-lib2,390,509,Illumina Library Construction,Paired,CASAVA-1.8.2,190192103,100,100,0.38,2891323150,2891040501,2889981253,2889953340,1653198737
D1VCPACXX,2,,,human,9606,Eukaryota,3200000000,H_NJ-HCC1395,TST1,Caucasian,female,H_NJ-HCC1395-HCC1395,tumor,2891080777,HCC1395,genomic dna,epithelial,H_NJ-HCC1395-HCC1395-lig2-lib1,271,390,Illumina Library Construction,Paired,CASAVA-1.8.2,193216396,100,100,0.34,2891323174,2891040499,2889981253,2889953340,1653198737
D1VCPACXX,3,,,human,9606,Eukaryota,3200000000,H_NJ-HCC1395,TST1,Caucasian,female,H_NJ-HCC1395-HCC1395,tumor,2891080777,HCC1395,genomic dna,epithelial,H_NJ-HCC1395-HCC1395-lig2-lib2,390,509,Illumina Library Construction,Paired,CASAVA-1.8.2,189430115,100,100,0.355,2891323175,2891040501,2889981253,2889953340,1653198737
C1TD1ACXX,7,unknown,11111001 capture chip set,human,9606,Eukaryota,3200000000,H_NJ-HCC1395,TST1,Caucasian,female,Pooled_Library_2891055580,,,Pooled_Library_2891055580,pooled library,,Pooled_Library_2891055580,365,365,Sample Management,Paired,CASAVA-1.8.2,8814215,100,100,0.375,2891350970,2891055580,2891055580,2889953340,1653198737
C1TD1ACXX,8,unknown,,human,9606,Eukaryota,3200000000,H_NJ-HCC1395,TST1,Caucasian,female,H_NJ-HCC1395-HCC1395_RNA,tumor,,HCC1395_RNA,rna,epithelial,Pooled_RNA_2891007020-mRNA2-cDNA-1-lig1-lib1,264,383,Illumina Library Construction,Paired,CASAVA-1.8.2,4450426,100,100,,2891351041,2891075264,2889953342,2889953340,1653198737
C1TD1ACXX,7,ATCACG,11111001 capture chip set,human,9606,Eukaryota,3200000000,H_NJ-HCC1395,TST1,Caucasian,female,H_NJ-HCC1395-HCC1395,tumor,2891080777,HCC1395,genomic dna,epithelial,libgroup-2891242741,,364-400,,Paired,CASAVA-1.8.2,96056889,100,100,0.225,2891351066,2891242741,2889981253,2889953340,1653198737
C1TD1ACXX,7,CGATGT,11111001 capture chip set,human,9606,Eukaryota,3200000000,H_NJ-HCC1395,TST1,Caucasian,female,H_NJ-HCC1395-HCC1395_BL,normal,2891080776,HCC1395 BL,genomic dna,b lymphoblast,libgroup-2891242742,,364-400,,Paired,CASAVA-1.8.2,77667085,100,100,0.22,2891351068,2891242742,2889981254,2889953340,1653198737
C1TD1ACXX,8,ACAGTG,,human,9606,Eukaryota,3200000000,H_NJ-HCC1395,TST1,Caucasian,female,H_NJ-HCC1395-HCC1395_RNA,tumor,,HCC1395_RNA,rna,epithelial,Pooled_RNA_2891007020-mRNA2-cDNA-1-lig1-lib1,264,383,Illumina Library Construction,Paired,CASAVA-1.8.2,156248832,100,100,4.61,2891354555,2891075264,2889953342,2889953340,1653198737
C2DBEACXX,3,,,human,9606,Eukaryota,3200000000,H_NJ-HCC1395,TST1,Caucasian,female,H_NJ-HCC1395-HCC1395_BL_RNA,normal,,HCC1395 BL_RNA,rna,b lymphoblast,Pooled_RNA_2891006726-mR1-cD1-lg1-lib1,364,483,Illumina Library Construction,Paired,CASAVA-1.8.2,170049877,100,100,,2893585922,2893186767,2889953341,2889953340,1653198737
