---
experts: {}
needs_translation: 1
reports:
  tumor-only:
    filters: {}
    interpreters:
      1kg: {}
      caf: {}
      nhlbi: {}
      position: {}
      rsid: {}
      vaf:
        sample_names:
          - sample_name
      vep: {}
